
======================================================================
MINIMAL POST /DETECT ENDPOINT - TEST GUIDE
======================================================================
python : Traceback (most recent call last):
At line:1 char:42
+ ... nes-Spec" ; python examples/test_detect_endpoint.py > test_output.txt ...
+                 ~~~~~~~~~~~~~~~~~~~~~~~~~~~~~~~~~~~~~~~~~~~~~~~~~~~~~~~~~
    + CategoryInfo          : NotSpecified: (Traceback (most recent call last) 
   ::String) [], RemoteException
    + FullyQualifiedErrorId : NativeCommandError
 
  File "D:\Edward Jones\Edward-Jones-Spec\examples\test_detect_endpoint.py", 
line 104, in <module>
        print("""
        ~~~~~^^^^
    \U0001f4da ENDPOINT DOCUMENTATION:
    ^^^^^^^^^^^^^^^^^^^^^^^^^^
    ...<26 lines>...
            - anything else \u2192 detected as uncertain (0.45-0.55 confidence)
            ^^^^^^^^^^^^^^^^^^^^^^^^^^^^^^^^^^^^^^^^^^^^^^^^^^^^^^^^^^^^^^
    """)
    ^^^^
  File "C:\Python313\Lib\encodings\cp1252.py", line 19, in encode
    return codecs.charmap_encode(input,self.errors,encoding_table)[0]
           ~~~~~~~~~~~~~~~~~~~~~^^^^^^^^^^^^^^^^^^^^^^^^^^^^^^^^^^
UnicodeEncodeError: 'charmap' codec can't encode character '\U0001f4da' in 
position 2: character maps to <undefined>
